// Jest Snapshot v1, https://goo.gl/fbAQLP

exports[`Weather Info Card in Homescreen match snapshot 1`] = `
<View
  style={
    {
      "height": 400,
      "marginVertical": 5,
    }
  }
>
  <View
    style={
      {
        "alignItems": "flex-start",
        "flex": 1,
        "justifyContent": "flex-start",
        "overflow": "hidden",
        "rowGap": 4,
      }
    }
  >
    <View
      style={
        {
          "alignItems": "center",
          "flex": 0.35,
          "justifyContent": "center",
          "overflow": "hidden",
          "paddingVertical": 10,
          "rowGap": 4,
          "width": "100%",
        }
      }
    >
      <Text
        ellipsizeMode="tail"
        numberOfLines={1}
        style={
          {
            "color": "rgba(255, 255, 255, 1)",
            "fontFamily": "Poppins",
            "fontSize": 68,
            "fontWeight": "400",
            "textAlign": "center",
            "width": "100%",
          }
        }
        testID="wi-locInfo"
      >
        Jakarta
      </Text>
      <View
        style={
          {
            "alignItems": "center",
            "flexDirection": "row",
            "justifyContent": "center",
            "overflow": "hidden",
            "width": "100%",
          }
        }
      >
        <Text
          style={
            {
              "color": "rgba(255, 255, 255, 1)",
              "fontFamily": "Poppins",
              "fontSize": 20,
              "fontWeight": "400",
              "textAlign": "center",
            }
          }
        >
          Local time : 
        </Text>
        <Text
          dateTime={"2023-12-04T09:14:30.546Z"}
          style={
            {
              "color": "rgba(255, 255, 255, 1)",
              "fontFamily": "Poppins",
              "fontSize": 20,
              "fontWeight": "400",
              "textAlign": "center",
            }
          }
        >
          16:14:30
        </Text>
      </View>
    </View>
    <View
      style={
        {
          "alignItems": "center",
          "color": "rgba(255, 255, 255, 1)",
          "flex": 0.65,
          "justifyContent": "flex-end",
          "overflow": "hidden",
          "paddingVertical": 4,
          "width": "100%",
        }
      }
    >
      <View
        style={
          {
            "alignItems": "flex-start",
            "flexDirection": "row",
            "gap": 20,
            "height": 150,
            "justifyContent": "center",
            "overflow": "hidden",
            "width": "100%",
          }
        }
      >
        <Image
          source={
            {
              "uri": "https://cdn.weatherapi.com/weather/64x64/day/386.png",
            }
          }
          style={
            {
              "height": 150,
              "width": 150,
            }
          }
          testID="wi-weatherImage"
        />
        <Text
          style={
            {
              "color": "rgba(255, 255, 255, 1)",
              "fontFamily": "Poppins",
              "fontSize": 130,
              "textAlign": "center",
            }
          }
        >
          28Â°
        </Text>
      </View>
      <Text
        style={
          {
            "alignItems": "flex-start",
            "color": "rgba(255, 255, 255, 1)",
            "fontFamily": "Poppins",
            "fontSize": 40,
            "textAlign": "center",
          }
        }
        testID="wi-tempInfo"
      >
        Patchy light rain with thunder
      </Text>
      <Text
        style={
          {
            "color": "rgba(255, 255, 255, 1)",
            "flex": 1,
            "fontFamily": "Poppins",
            "fontSize": 20,
            "fontWeight": "400",
            "textAlign": "center",
          }
        }
      >
        Last updated on 13.45
      </Text>
    </View>
  </View>
</View>
`;
